-3,-7,-21,-118